=== base exists True
__browser_cactus_icon.ico 372526
__browser_cactus_preview.png 10178
__icon_preview.png 51802
__xianrenzhang_icon.ico 372526
__xianrenzhang_icon.png 1386
_gui2_preview_docx.png 113381
_gui2_preview_txt.png 113381
_gui_preview_docx.png 111272
_gui_preview_txt.png 111272
_gui_upload_preview.py 5540
_ico_manual.py 1602
_ico_pixels.py 1359
_ico_px_256.png 1105
_ico_v2.out 1222
_ico_v2.py 1729
_ico_v2_128px_bmp.png 3801
_ico_v2_16px_bmp.png 535
_ico_v2_24px_bmp.png 783
_ico_v2_256px_bmp.png 1389
_ico_v2_32px_bmp.png 1094
_ico_v2_48px_bmp.png 1590
_ico_v2_64px_bmp.png 2065
_icon2.out 7844
_icon_inv.out 180
_icon_live 4096
_icon_live_test.py 5636
_probe_ico.json 1421
_probe_ico.out 7577
_probe_ico.py 2873
_yuanbao_screen_preview.html 52358
cactus_active.png 4924976
cactus_final_check.png 4919580
cactus_window.png 4928774
create_browser_icon.py 4541
create_ico.py 1304
cursor_on_cactus.png 6302089
diag_icon.py 2993
make_cactus_browser_icon.py 3407
patch_chrome_icon.py 4368
xianrenzhang_cactus.ico 372526
=== PIL/psutil
PIL True
psutil True
