{
 "icon_files": [
  {
   "f": "__browser_cactus_icon.ico",
   "size": 372526,
   "md5": "c2a17e41066c7ba6cea07701a4a04362",
   "mtime": "2026-09-20 10:35:38",
   "ico_header": {
    "reserved": 0,
    "type": 1,
    "count": 7,
    "entries": [
     {
      "w": 16,
      "h": 16,
      "bpp": 32,
      "bytes": 1128,
      "off": 118,
      "is_png": false
     },
     {
      "w": 24,
      "h": 24,
      "bpp": 32,
      "bytes": 2440,
      "off": 1246,
      "is_png": false
     },
     {
      "w": 32,
      "h": 32,
      "bpp": 32,
      "bytes": 4264,
      "off": 3686,
      "is_png": false
     },
     {
      "w": 48,
      "h": 48,
      "bpp": 32,
      "bytes": 9640,
      "off": 7950,
      "is_png": false
     },
     {
      "w": 64,
      "h": 64,
      "bpp": 32,
      "bytes": 16936,
      "off": 17590,
      "is_png": false
     },
     {
      "w": 128,
      "h": 128,
      "bpp": 32,
      "bytes": 67624,
      "off": 34526,
      "is_png": false
     },
     {
      "w": 0,
      "h": 0,
      "bpp": 32,
      "bytes": 270376,
      "off": 102150,
      "is_png": false
     }
    ]
   }
  },
  {
   "f": "__icon_preview.png",
   "size": 51802,
   "md5": "741278b08ae7d0ede3b66dab9bf2c4a2",
   "mtime": "2026-08-12 10:24:47"
  },
  {
   "f": "__xianrenzhang_icon.ico",
   "size": 372526,
   "md5": "c2a17e41066c7ba6cea07701a4a04362",
   "mtime": "2026-09-20 10:35:38",
   "ico_header": {
    "reserved": 0,
    "type": 1,
    "count": 7,
    "entries": [
     {
      "w": 16,
      "h": 16,
      "bpp": 32,
      "bytes": 1128,
      "off": 118,
      "is_png": false
     },
     {
      "w": 24,
      "h": 24,
      "bpp": 32,
      "bytes": 2440,
      "off": 1246,
      "is_png": false
     },
     {
      "w": 32,
      "h": 32,
      "bpp": 32,
      "bytes": 4264,
      "off": 3686,
      "is_png": false
     },
     {
      "w": 48,
      "h": 48,
      "bpp": 32,
      "bytes": 9640,
      "off": 7950,
      "is_png": false
     },
     {
      "w": 64,
      "h": 64,
      "bpp": 32,
      "bytes": 16936,
      "off": 17590,
      "is_png": false
     },
     {
      "w": 128,
      "h": 128,
      "bpp": 32,
      "bytes": 67624,
      "off": 34526,
      "is_png": false
     },
     {
      "w": 0,
      "h": 0,
      "bpp": 32,
      "bytes": 270376,
      "off": 102150,
      "is_png": false
     }
    ]
   }
  },
  {
   "f": "__xianrenzhang_icon.png",
   "size": 1386,
   "md5": "6e148132631707f92282cc0d817d3e27",
   "mtime": "2026-08-11 21:26:50"
  },
  {
   "f": "xianrenzhang_cactus.ico",
   "size": 372526,
   "md5": "c2a17e41066c7ba6cea07701a4a04362",
   "mtime": "2026-09-20 10:35:38",
   "ico_header": {
    "reserved": 0,
    "type": 1,
    "count": 7,
    "entries": [
     {
      "w": 16,
      "h": 16,
      "bpp": 32,
      "bytes": 1128,
      "off": 118,
      "is_png": false
     },
     {
      "w": 24,
      "h": 24,
      "bpp": 32,
      "bytes": 2440,
      "off": 1246,
      "is_png": false
     },
     {
      "w": 32,
      "h": 32,
      "bpp": 32,
      "bytes": 4264,
      "off": 3686,
      "is_png": false
     },
     {
      "w": 48,
      "h": 48,
      "bpp": 32,
      "bytes": 9640,
      "off": 7950,
      "is_png": false
     },
     {
      "w": 64,
      "h": 64,
      "bpp": 32,
      "bytes": 16936,
      "off": 17590,
      "is_png": false
     },
     {
      "w": 128,
      "h": 128,
      "bpp": 32,
      "bytes": 67624,
      "off": 34526,
      "is_png": false
     },
     {
      "w": 0,
      "h": 0,
      "bpp": 32,
      "bytes": 270376,
      "off": 102150,
      "is_png": false
     }
    ]
   }
  }
 ],
 "ico_struct": [
  {
   "f": "__browser_cactus_icon.ico",
   "size": 372526,
   "md5": "c2a17e41066c7ba6cea07701a4a04362",
   "mtime": "2026-09-20 10:35:38",
   "ico_header": {
    "reserved": 0,
    "type": 1,
    "count": 7,
    "entries": [
     {
      "w": 16,
      "h": 16,
      "bpp": 32,
      "bytes": 1128,
      "off": 118,
      "is_png": false
     },
     {
      "w": 24,
      "h": 24,
      "bpp": 32,
      "bytes": 2440,
      "off": 1246,
      "is_png": false
     },
     {
      "w": 32,
      "h": 32,
      "bpp": 32,
      "bytes": 4264,
      "off": 3686,
      "is_png": false
     },
     {
      "w": 48,
      "h": 48,
      "bpp": 32,
      "bytes": 9640,
      "off": 7950,
      "is_png": false
     },
     {
      "w": 64,
      "h": 64,
      "bpp": 32,
      "bytes": 16936,
      "off": 17590,
      "is_png": false
     },
     {
      "w": 128,
      "h": 128,
      "bpp": 32,
      "bytes": 67624,
      "off": 34526,
      "is_png": false
     },
     {
      "w": 0,
      "h": 0,
      "bpp": 32,
      "bytes": 270376,
      "off": 102150,
      "is_png": false
     }
    ]
   }
  },
  {
   "f": "__xianrenzhang_icon.ico",
   "size": 372526,
   "md5": "c2a17e41066c7ba6cea07701a4a04362",
   "mtime": "2026-09-20 10:35:38",
   "ico_header": {
    "reserved": 0,
    "type": 1,
    "count": 7,
    "entries": [
     {
      "w": 16,
      "h": 16,
      "bpp": 32,
      "bytes": 1128,
      "off": 118,
      "is_png": false
     },
     {
      "w": 24,
      "h": 24,
      "bpp": 32,
      "bytes": 2440,
      "off": 1246,
      "is_png": false
     },
     {
      "w": 32,
      "h": 32,
      "bpp": 32,
      "bytes": 4264,
      "off": 3686,
      "is_png": false
     },
     {
      "w": 48,
      "h": 48,
      "bpp": 32,
      "bytes": 9640,
      "off": 7950,
      "is_png": false
     },
     {
      "w": 64,
      "h": 64,
      "bpp": 32,
      "bytes": 16936,
      "off": 17590,
      "is_png": false
     },
     {
      "w": 128,
      "h": 128,
      "bpp": 32,
      "bytes": 67624,
      "off": 34526,
      "is_png": false
     },
     {
      "w": 0,
      "h": 0,
      "bpp": 32,
      "bytes": 270376,
      "off": 102150,
      "is_png": false
     }
    ]
   }
  },
  {
   "f": "xianrenzhang_cactus.ico",
   "size": 372526,
   "md5": "c2a17e41066c7ba6cea07701a4a04362",
   "mtime": "2026-09-20 10:35:38",
   "ico_header": {
    "reserved": 0,
    "type": 1,
    "count": 7,
    "entries": [
     {
      "w": 16,
      "h": 16,
      "bpp": 32,
      "bytes": 1128,
      "off": 118,
      "is_png": false
     },
     {
      "w": 24,
      "h": 24,
      "bpp": 32,
      "bytes": 2440,
      "off": 1246,
      "is_png": false
     },
     {
      "w": 32,
      "h": 32,
      "bpp": 32,
      "bytes": 4264,
      "off": 3686,
      "is_png": false
     },
     {
      "w": 48,
      "h": 48,
      "bpp": 32,
      "bytes": 9640,
      "off": 7950,
      "is_png": false
     },
     {
      "w": 64,
      "h": 64,
      "bpp": 32,
      "bytes": 16936,
      "off": 17590,
      "is_png": false
     },
     {
      "w": 128,
      "h": 128,
      "bpp": 32,
      "bytes": 67624,
      "off": 34526,
      "is_png": false
     },
     {
      "w": 0,
      "h": 0,
      "bpp": 32,
      "bytes": 270376,
      "off": 102150,
      "is_png": false
     }
    ]
   }
  }
 ],
 "lnk_exists": true,
 "lnk_mtime": "2026-09-20 10:36:38",
 "backend_8888": true,
 "bridge_9333": false,
 "chrome_procs": []
}
