{
 "browser_procs": [
  {
   "name": "msedge.exe",
   "pid": 2044,
   "ppid": 3764,
   "ct": "07:11:12",
   "ud": "",
   "brief": "C:\\Program Files (x86)\\Microsoft\\Edge\\Application\\msedge.exe --type=utility --utility-sub-type=audio"
  },
  {
   "name": "msedge.exe",
   "pid": 2572,
   "ppid": 3764,
   "ct": "07:10:56",
   "ud": "",
   "brief": "C:\\Program Files (x86)\\Microsoft\\Edge\\Application\\msedge.exe --type=renderer --extension-process --r"
  },
  {
   "name": "msedge.exe",
   "pid": 3176,
   "ppid": 3764,
   "ct": "13:15:45",
   "ud": "",
   "brief": "C:\\Program Files (x86)\\Microsoft\\Edge\\Application\\msedge.exe --type=renderer --video-capture-use-gpu"
  },
  {
   "name": "msedge.exe",
   "pid": 3184,
   "ppid": 3764,
   "ct": "07:10:55",
   "ud": "--user-data-dir=C:\\Users\\X.LAPTOP-CA1GJQE3\\AppData\\Local\\Microsoft\\Edge\\User Data /prefetc",
   "brief": "C:\\Program Files (x86)\\Microsoft\\Edge\\Application\\msedge.exe --type=crashpad-handler --user-data-dir"
  },
  {
   "name": "msedge.exe",
   "pid": 3400,
   "ppid": 3764,
   "ct": "07:10:55",
   "ud": "",
   "brief": "C:\\Program Files (x86)\\Microsoft\\Edge\\Application\\msedge.exe --type=gpu-process --gpu-preferences=WA"
  },
  {
   "name": "msedge.exe",
   "pid": 3764,
   "ppid": 8092,
   "ct": "07:10:55",
   "ud": "",
   "brief": "C:\\Program Files (x86)\\Microsoft\\Edge\\Application\\msedge.exe --profile-directory=Default"
  },
  {
   "name": "msedge.exe",
   "pid": 7684,
   "ppid": 3764,
   "ct": "07:10:55",
   "ud": "",
   "brief": "C:\\Program Files (x86)\\Microsoft\\Edge\\Application\\msedge.exe --type=utility --utility-sub-type=netwo"
  },
  {
   "name": "msedge.exe",
   "pid": 7968,
   "ppid": 3764,
   "ct": "07:11:55",
   "ud": "",
   "brief": "C:\\Program Files (x86)\\Microsoft\\Edge\\Application\\msedge.exe --type=utility --utility-sub-type=edge_"
  },
  {
   "name": "msedge.exe",
   "pid": 9044,
   "ppid": 3764,
   "ct": "07:10:55",
   "ud": "",
   "brief": "C:\\Program Files (x86)\\Microsoft\\Edge\\Application\\msedge.exe --type=utility --utility-sub-type=stora"
  },
  {
   "name": "msedge.exe",
   "pid": 9724,
   "ppid": 3764,
   "ct": "07:11:12",
   "ud": "",
   "brief": "C:\\Program Files (x86)\\Microsoft\\Edge\\Application\\msedge.exe --type=utility --utility-sub-type=video"
  },
  {
   "name": "msedge.exe",
   "pid": 10368,
   "ppid": 3764,
   "ct": "07:10:56",
   "ud": "",
   "brief": "C:\\Program Files (x86)\\Microsoft\\Edge\\Application\\msedge.exe --type=utility --utility-sub-type=proxy"
  },
  {
   "name": "msedge.exe",
   "pid": 11716,
   "ppid": 3764,
   "ct": "07:10:56",
   "ud": "",
   "brief": "C:\\Program Files (x86)\\Microsoft\\Edge\\Application\\msedge.exe --type=renderer --extension-process --r"
  },
  {
   "name": "msedge.exe",
   "pid": 12000,
   "ppid": 3764,
   "ct": "11:09:27",
   "ud": "",
   "brief": "C:\\Program Files (x86)\\Microsoft\\Edge\\Application\\msedge.exe --type=renderer --video-capture-use-gpu"
  },
  {
   "name": "msedge.exe",
   "pid": 17152,
   "ppid": 3764,
   "ct": "07:10:58",
   "ud": "",
   "brief": "C:\\Program Files (x86)\\Microsoft\\Edge\\Application\\msedge.exe --type=renderer --top-chrome-webui --vi"
  },
  {
   "name": "msedge.exe",
   "pid": 20868,
   "ppid": 3764,
   "ct": "10:08:24",
   "ud": "",
   "brief": "C:\\Program Files (x86)\\Microsoft\\Edge\\Application\\msedge.exe --type=renderer --video-capture-use-gpu"
  },
  {
   "name": "msedge.exe",
   "pid": 21884,
   "ppid": 3764,
   "ct": "13:15:44",
   "ud": "",
   "brief": "C:\\Program Files (x86)\\Microsoft\\Edge\\Application\\msedge.exe --type=renderer --video-capture-use-gpu"
  }
 ],
 "browser_proc_names": [
  "msedge.exe"
 ],
 "backend_procs": [
  {
   "name": "pythonw.exe",
   "pid": 4192,
   "ct": "08:37:06",
   "cmd": "D:\\软件\\Python\\pythonw.exe D:\\软件\\XianRenZhangAgent\\terminal.py"
  }
 ],
 "deepseek_lock_files": [],
 "error_contexts": [],
 "latest_logs": [
  "_backend_v34.log",
  "_backend_v33.log",
  "_probe2msg_deepseek.log",
  "_probe2msg_v33.log",
  "_backend_v32.log",
  "_probe2msg_v32.log",
  "_backend_v31.log",
  "_probe2msg_v31.log"
 ]
}
