WBTMP: C:/Users/X.LAPTOP-CA1GJQE3/.workbuddy\blobs\50\505554516d49cd879d91b9f529a62c988f3e228876e63da71ed0b1d45de56d0f.png  age=2.8h
WBTMP: C:/Users/X.LAPTOP-CA1GJQE3/.workbuddy\blobs\d0\d057884f56ad4dbeac8e8eb07d7f328d08269cdfdaf19528d4e9e51ab1b2df86.png  age=2.8h
WBTMP: C:/Users/X.LAPTOP-CA1GJQE3/.workbuddy\connectors-marketplace\connectors\feishu\skills\lark-apps\creative-design\agents\assets\vision-probe.png  age=5.0h
WBTMP: C:/Users/X.LAPTOP-CA1GJQE3/.workbuddy\connectors-marketplace\connectors\textin-xparse\skills\xparse-parse\assets\logo.png  age=5.0h
WBTMP: C:/Users/X.LAPTOP-CA1GJQE3/.workbuddy\connectors-marketplace\connectors\wangxiaobao\skills\wangxiaobao-project-weekly-report\scripts\logo_wangai.png  age=5.0h
WBTMP: C:/Users/X.LAPTOP-CA1GJQE3/.workbuddy\connectors-marketplace\connectors\wangxiaobao\skills\wangxiaobao-project-weekly-report\scripts\logo_wangxiaobao.png  age=5.0h
WBTMP: C:/Users/X.LAPTOP-CA1GJQE3/.workbuddy\connectors-marketplace\icons\24haowan.png  age=5.0h
WBTMP: C:/Users/X.LAPTOP-CA1GJQE3/.workbuddy\connectors-marketplace\icons\58pic-qiantu-ai.png  age=5.0h
WBTMP: C:/Users/X.LAPTOP-CA1GJQE3/.workbuddy\connectors-marketplace\icons\77ircloud.png  age=5.0h
WBTMP: C:/Users/X.LAPTOP-CA1GJQE3/.workbuddy\connectors-marketplace\icons\aiclass-teaching.png  age=5.0h
WBTMP: C:/Users/X.LAPTOP-CA1GJQE3/AppData/Local/Temp\ImaSetup_8772\autostart_check_box_selected.png  age=39.8h
WBTMP: C:/Users/X.LAPTOP-CA1GJQE3/AppData/Local/Temp\ImaSetup_8772\autostart_check_box.png  age=39.8h
WBTMP: C:/Users/X.LAPTOP-CA1GJQE3/AppData/Local/Temp\ImaSetup_8772\min_icon.png  age=39.8h
WBTMP: C:/Users/X.LAPTOP-CA1GJQE3/AppData/Local/Temp\ImaSetup_8772\close_icon.png  age=39.8h
WBTMP: C:/Users/X.LAPTOP-CA1GJQE3/AppData/Local/Temp\ImaSetup_8772\custom_option.png  age=39.8h
WBTMP: C:/Users/X.LAPTOP-CA1GJQE3/AppData/Local/Temp\ImaSetup_8772\install.png  age=39.8h
WBTMP: C:/Users/X.LAPTOP-CA1GJQE3/AppData/Local/Temp\ImaSetup_8772\background.png  age=39.8h
WBTMP: C:/Users/X.LAPTOP-CA1GJQE3/AppData/Local/Temp\ImaSetup_8772\file_icon.png  age=39.8h
WBTMP: C:/Users/X.LAPTOP-CA1GJQE3/AppData/Local/Temp\ImaSetup_8772\app_icon.png  age=39.8h
WBTMP: C:/Users/X.LAPTOP-CA1GJQE3/AppData/Local/Temp\scoped_dir440_1220827083\CRX_INSTALL\img\ima.png  age=48.2h