=== ICO/PNG candidates ===
__browser_cactus_icon.ico                (256, 256)    64480B
__browser_cactus_icon_render.png         (256, 256)     1395B
__browser_cactus_icon_render2.png        (256, 256)     1389B
__browser_cactus_preview.png             (256, 256)    10178B
__icon_preview.png                       (528, 288)    51802B
__xianrenzhang_icon.ico                  (256, 256)    10576B
__xianrenzhang_icon.png                  (256, 256)     1386B
__xianrenzhang_icon_render.png           (256, 256)     1395B
__xianrenzhang_icon_render2.png          (256, 256)     1389B
_check___browser_cactus_icon.png         (256, 256)     1389B
_check___xianrenzhang_icon.png           (256, 256)     1389B
_final___browser_cactus_icon.png         (256, 256)    10934B
_final___xianrenzhang_icon.png           (256, 256)     1389B
_render___browser_cactus_preview.png     (256, 256)    10178B
_restored___browser_cactus_icon.png      (256, 256)    34487B
_restored___xianrenzhang_icon.png        (256, 256)     1389B
cactus_active.png                        (3000, 2000)  4924976B
cactus_final_check.png                   (3000, 2000)  4919580B
cactus_window.png                        (3000, 2000)  4928774B
cursor_on_cactus.png                     (3000, 2000)  6302089B
xianrenzhang_cactus.ico                  (256, 256)    10576B
xianrenzhang_cactus_render.png           (256, 256)     1395B
xianrenzhang_cactus_render2.png          (256, 256)     1389B
