===== 切到元宝 =====
[switch] 已切换到 元宝，已携带切换前的对话背景（尚未登录，请在弹出的窗口中登录后再发任务）

===== 元宝 chat（最轻） =====
[chat]  ok=True  posted=True
[chat]  tools=[]
[chat]  errs=[]
[chat]  final='[需要登录] [元宝] 平台未登录，请先在打开的浏览器窗口里登录，再重新发任务'

[判定] chat 仍报未登录？True

===== 元宝 file_write 工具调用 =====
[file_write]  ok=True  posted=True
[file_write]  tools=[]
[file_write]  final='[需要登录] [元宝] 平台未登录，请先在打开的浏览器窗口里登录，再重新发任务'
[判定] file_write 工具真的被调用？False

===== 后端日志 元宝 登录相关记录 =====
  2026-09-14 07:42:42,184 [platform_browser] INFO [元宝] 启动浏览器...
  2026-09-14 07:42:43,346 [platform_browser] INFO [元宝] 首次启动，无 cookies
  2026-09-14 07:42:43,346 [platform_browser] INFO [元宝] 浏览器启动完成
  2026-09-14 07:42:47,434 [platform_browser] INFO [元宝] 页面仍在加载（骨架屏），等待稳定后复检登录状态…
  2026-09-14 07:42:57,983 [platform_browser] INFO [元宝] check_login: 未登录
  2026-09-14 07:43:23,119 [platform_browser] INFO [元宝] check_login: 未登录
  2026-09-14 07:43:23,119 [commander] ERROR AI 调用失败: [元宝] 平台未登录，请先在打开的浏览器窗口里登录，再重新发任务
  2026-09-14 07:43:48,652 [platform_browser] INFO [元宝] check_login: 未登录
  2026-09-14 07:43:48,652 [commander] ERROR AI 调用失败: [元宝] 平台未登录，请先在打开的浏览器窗口里登录，再重新发任务

========== 结论 ==========
  chat 不再是未登录:  False
  file_write 工具可用: False
